// Jest Snapshot v1, https://goo.gl/fbAQLP

exports[`Text Renders Correctly 1`] = `
<View
  style={
    Array [
      Object {
        "alignItems": "center",
        "backgroundColor": "#B2DBBF",
        "display": "flex",
        "flexDirection": "column",
        "height": "100%",
        "paddingHorizontal": 16,
        "paddingTop": 40,
        "width": "100%",
      },
    ]
  }
>
  <RCTScrollView
    height="100%"
    horizontal={false}
    width="100%"
  >
    <View>
      <View
        style={
          Array [
            Object {
              "alignItems": "center",
              "display": "flex",
              "flexDirection": "row",
              "justifyContent": "center",
              "paddingTop": 40,
              "width": "100%",
            },
          ]
        }
      >
        <Image
          height="100%"
          maxHeight={150}
          maxWidth={240}
          opacity={0.8}
          resizeMode="contain"
          source={1}
          style={
            Array [
              Object {},
            ]
          }
          width="100%"
        />
      </View>
      <View
        style={
          Array [
            Object {
              "display": "flex",
              "paddingBottom": 24,
              "paddingTop": 40,
            },
          ]
        }
      >
        <View
          style={Object {}}
        >
          <View
            style={
              Object {
                "alignSelf": "center",
                "flexDirection": "row",
                "marginBottom": 10,
                "width": "100%",
              }
            }
          >
            <Text
              style={Object {}}
            >
              <Text
                style={
                  Array [
                    Object {
                      "color": "#212529",
                      "fontFamily": "Inter",
                      "fontSize": 45,
                      "fontWeight": "bold",
                    },
                    Object {},
                  ]
                }
              >
                Thank you for your time!
              </Text>
            </Text>
          </View>
          <View
            style={
              Object {
                "alignItems": "flex-start",
                "flexDirection": "row",
                "flexWrap": "wrap",
                "justifyContent": "flex-start",
                "marginBottom": 10,
                "marginTop": 10,
                "width": "100%",
              }
            }
          >
            <Text
              style={Object {}}
            >
              <Text
                style={
                  Array [
                    Object {
                      "color": "#212529",
                      "fontFamily": "Inter",
                      "fontWeight": "500",
                    },
                    Object {},
                  ]
                }
              >
                Due to the information you have provided we have concluded that you are not an ideal participant for this research experiment.
              </Text>
            </Text>
          </View>
          <View
            style={
              Object {
                "alignItems": "flex-start",
                "flexDirection": "row",
                "flexWrap": "wrap",
                "justifyContent": "flex-start",
                "marginBottom": 10,
                "marginTop": 10,
                "width": "100%",
              }
            }
          >
            <Text
              style={Object {}}
            >
              <Text
                style={
                  Array [
                    Object {
                      "color": "#212529",
                      "fontFamily": "Inter",
                      "fontWeight": "500",
                    },
                    Object {},
                  ]
                }
              >
                If you belive you have answered any questions incorrectly then please use the button below to contact the lead reseacher of this experiment.
              </Text>
            </Text>
          </View>
        </View>
      </View>
      <View
        style={
          Array [
            Object {
              "display": "flex",
              "flex": 1,
              "flexDirection": "column",
              "justifyContent": "flex-end",
            },
          ]
        }
      >
        <View
          accessible={true}
          focusable={true}
          onClick={[Function]}
          onResponderGrant={[Function]}
          onResponderMove={[Function]}
          onResponderRelease={[Function]}
          onResponderTerminate={[Function]}
          onResponderTerminationRequest={[Function]}
          onStartShouldSetResponder={[Function]}
          style={
            Object {
              "flex": 0,
              "flexDirection": "row",
              "opacity": 1,
              "width": "100%",
            }
          }
          testID="ExitButton"
        >
          <View
            style={
              Array [
                Object {
                  "alignItems": "center",
                  "display": "flex",
                  "justifyContent": "center",
                  "width": "100%",
                },
                Array [
                  Object {
                    "backgroundColor": "#5E44AE",
                    "borderRadius": 8,
                    "height": 60,
                    "marginTop": 8,
                    "paddingVertical": 16,
                  },
                ],
              ]
            }
          >
            <Text
              style={
                Array [
                  Object {
                    "color": "#F0F2F3",
                    "display": "flex",
                    "fontFamily": "Inter-SemiBold",
                    "fontSize": 20,
                  },
                ]
              }
            >
              Exit Experiment
            </Text>
          </View>
        </View>
      </View>
    </View>
  </RCTScrollView>
</View>
`;
