// Jest Snapshot v1, https://goo.gl/fbAQLP

exports[`Text Renders Correctly 1`] = `
<Text
  style={
    Array [
      Object {
        "display": "flex",
      },
    ]
  }
/>
`;
